ignoring/gws:
                              Ignored
nested-gws:
                              Unknown
nested-gws/nested-gws:
                              Unknown
prefix/foo:
                              Known
prefix/foo-bar:
                              Known
tools/another:
                              Known
tools/coursera-dl:
                              Known
tools/emptyyyy:
                              Known
tools/peru:
                              Missing
tools/q:
                              Known
work/docker-gitlab:
                              Known
work/gws:
                              Known
work/neuraltalk:
                              Known
